// Jest Snapshot v1, https://goo.gl/fbAQLP

exports[`Hello, Enzyme! renders snapshots, too 1`] = `
<div>
  <h1>
    Hello, Enzyme!
  </h1>
</div>
`;
